// Jest Snapshot v1, https://goo.gl/fbAQLP

exports[`<Toggle /> should contain default text 1`] = `
<select
  class="sc-bdfBQB igqybA"
>
  <option
    value="en"
  >
    default EN message
  </option>
  <option
    value="de"
  >
    default DE message
  </option>
</select>
`;
