// Jest Snapshot v1, https://goo.gl/fbAQLP

exports[`<SelectOption /> should render default language messages 1`] = `
<option
  value="en"
>
  someContent
</option>
`;
