// Jest Snapshot v1, https://goo.gl/fbAQLP

exports[`<IssueLinkStyled /> should match the snapshot 1`] = `
.c0 {
  color: #41addd;
}

.c0:hover {
  color: #6cc0e5;
}

.c1 {
  height: 100%;
  color: black;
  display: -webkit-box;
  display: -webkit-flex;
  display: -ms-flexbox;
  display: flex;
  -webkit-align-items: center;
  -webkit-box-align: center;
  -ms-flex-align: center;
  align-items: center;
  -webkit-box-pack: center;
  -webkit-justify-content: center;
  -ms-flex-pack: center;
  justify-content: center;
  white-space: nowrap;
}

<a
  class="c0 c1"
>
  Test
</a>
`;
