// Jest Snapshot v1, https://goo.gl/fbAQLP

exports[`<FeaturePage /> should render its heading 1`] = `
<div>
  <h1
    class="sc-bdfBQB eyZqMq"
  >
    Features
  </h1>
  <ul
    class="sc-gsTEea kJAHDg"
  >
    <li
      class="sc-dlfnuX cQWiti"
    >
      <p
        class="sc-hKgJUU jQXVEd"
      >
        Quick scaffolding
      </p>
      <p>
         
        Automate the creation of components, containers, routes, selectors
  and sagas - and their tests - right from the CLI!
      </p>
    </li>
    <li
      class="sc-dlfnuX cQWiti"
    >
      <p
        class="sc-hKgJUU jQXVEd"
      >
        Instant feedback
      </p>
      <p>
        
      Enjoy the best DX and code your app at the speed of thought! Your
    saved changes to the CSS and JS are reflected instantaneously
    without refreshing the page. Preserve application state even when
    you update something in the underlying code!
    
      </p>
    </li>
    <li
      class="sc-dlfnuX cQWiti"
    >
      <p
        class="sc-hKgJUU jQXVEd"
      >
        Instant feedback
      </p>
      <p>
        
      Enjoy the best DX and code your app at the speed of thought! Your
    saved changes to the CSS and JS are reflected instantaneously
    without refreshing the page. Preserve application state even when
    you update something in the underlying code!
    
      </p>
    </li>
    <li
      class="sc-dlfnuX cQWiti"
    >
      <p
        class="sc-hKgJUU jQXVEd"
      >
        Industry-standard routing
      </p>
      <p>
        
      Write composable CSS that's co-located with your components for
    complete modularity. Unique generated class names keep the
    specificity low while eliminating style clashes. Ship only the
    styles that are on the page for the best performance.
    
      </p>
    </li>
    <li
      class="sc-dlfnuX cQWiti"
    >
      <p
        class="sc-hKgJUU jQXVEd"
      >
        Offline-first
      </p>
      <p>
        
      The next frontier in performant web apps: availability without a
      network connection from the instant your users load the app.
    
      </p>
    </li>
    <li
      class="sc-dlfnuX cQWiti"
    >
      <p
        class="sc-hKgJUU jQXVEd"
      >
        Complete i18n Standard Internationalization & Pluralization
      </p>
      <p>
        Scalable apps need to support multiple languages, easily add and support multiple languages with \`react-intl\`.
      </p>
    </li>
  </ul>
</div>
`;
