// Jest Snapshot v1, https://goo.gl/fbAQLP

exports[`<App /> should render and match the snapshot 1`] = `
<Unknown
  theme={
    Object {
      "componentBackground": "#fff",
      "componentBackgroundSecondary": "#fff",
      "primary": "#fff",
    }
  }
>
  <styled.div>
    <Helmet
      defaultTitle="React Boilerplate"
      defer={true}
      encodeSpecialCharacters={true}
      titleTemplate="%s | React Boilerplate"
    >
      <meta
        content="React Boilerplate application"
        name="description"
      />
    </Helmet>
    <Header />
    <Switch>
      <Route
        component={[Function]}
        exact={true}
        path="/"
      />
      <Route
        component={[Function]}
        path="/features"
      />
      <Route
        component={[Function]}
      />
    </Switch>
    <Footer />
    <Memo(l) />
  </styled.div>
</Unknown>
`;
