// Jest Snapshot v1, https://goo.gl/fbAQLP

exports[`<A /> should match the snapshot 1`] = `
.c0 {
  color: #41addd;
}

.c0:hover {
  color: #6cc0e5;
}

.c1 {
  padding: 2em 0;
}

<a
  class="c0 c1"
>
  Link
</a>
`;
