// Jest Snapshot v1, https://goo.gl/fbAQLP

exports[`<Header /> should render a div 1`] = `
<div>
  <a
    class="sc-bdnxRM sc-gtsrHT eBHLDh jgFwQc"
    href="https://www.reactboilerplate.com/"
  >
    <img
      alt="react-boilerplate - Logo"
      class="sc-dlnjwi fZWUhH"
      src="IMAGE_MOCK"
    />
  </a>
  <div
    class="sc-hKFxyN dIIkaJ"
  >
    <a
      class="sc-eCApnc hRmJFz"
      href="/"
    >
      <span>
        Home
      </span>
    </a>
    <a
      class="sc-eCApnc hRmJFz"
      href="/features"
    >
      <span>
        Features
      </span>
    </a>
  </div>
</div>
`;
