// Jest Snapshot v1, https://goo.gl/fbAQLP

exports[`<ReposList /> should render the loading indicator when its loading 1`] = `
<div
  class="sc-gtsrHT cPrvMH"
>
  <ul
    class="sc-bdnxRM jzejmN"
  >
    <div
      class="sc-jSFjdj kxYqkO"
    >
      <div
        class="sc-eCApnc jzdQje"
      />
      <div
        class="sc-eCApnc gPsbou"
        rotate="30"
      />
      <div
        class="sc-eCApnc eVRtZn"
        rotate="60"
      />
      <div
        class="sc-eCApnc jBGUKg"
        rotate="90"
      />
      <div
        class="sc-eCApnc bcQaaS"
        rotate="120"
      />
      <div
        class="sc-eCApnc bgWsFF"
        rotate="150"
      />
      <div
        class="sc-eCApnc fxpZIo"
        rotate="180"
      />
      <div
        class="sc-eCApnc XYyCC"
        rotate="210"
      />
      <div
        class="sc-eCApnc lbTeUr"
        rotate="240"
      />
      <div
        class="sc-eCApnc dRyJFo"
        rotate="270"
      />
      <div
        class="sc-eCApnc gVOIOS"
        rotate="300"
      />
      <div
        class="sc-eCApnc iYcuXB"
        rotate="330"
      />
    </div>
  </ul>
</div>
`;

exports[`<ReposList /> should render the repositories if loading was successful 1`] = `
<div
  class="sc-gtsrHT cPrvMH"
>
  <ul
    class="sc-bdnxRM jzejmN"
  >
    <li
      class="sc-hKFxyN ibEoFF"
    >
      <div
        class="sc-dlnjwi fKaKZb"
      >
        <div
          class="sc-jrsJWt czIMqN"
        >
          <a
            class="sc-iCoGMd sc-pNWdM kLeFhJ iOqKJG"
            href="https://github.com/react-boilerplate/react-boilerplate"
            target="_blank"
          >
            react-boilerplate
          </a>
          <a
            class="sc-iCoGMd sc-fujyAs kLeFhJ kcJtpX"
            href="https://github.com/react-boilerplate/react-boilerplate/issues"
            target="_blank"
          >
            <svg
              class="sc-gKAaRy emMiVs"
              height="1em"
              width="0.875em"
            >
              <path
                d="M7 2.3c3.14 0 5.7 2.56 5.7 5.7S10.14 13.7 7 13.7 1.3 11.14 1.3 8s2.56-5.7 5.7-5.7m0-1.3C3.14 1 0 4.14 0 8s3.14 7 7 7 7-3.14 7-7S10.86 1 7 1z m1 3H6v5h2V4z m0 6H6v2h2V10z"
              />
            </svg>
            <span>
              20
            </span>
          </a>
        </div>
      </div>
    </li>
  </ul>
</div>
`;
